// Jest Snapshot v1, https://goo.gl/fbAQLP

exports[`<App/> renders the component 1`] = `
<div
  className="app container"
>
  <h2>
    Dropdown Three Select
  </h2>
  <div
    className="container"
  >
    <default_1 />
    <default_1 />
    <default_1 />
    <default_1 />
    <default_1 />
    <default_1 />
  </div>
</div>
`;
